[strongalts.com/index.html]
[backblue.gif]
[fade.gif]
[index.html]
[i.imgur.com/t9WUOSF.png]
[use.fontawesome.com/releases/v5.8.2/css/all.css]
[unpkg.com/aos@2.3.1/dist/aos.css]
[eshxn.xyz/e/hover.css]
[code.jquery.com/jquery-3.4.0.min.js]
[strongalts.com/assets/script.js]
[unpkg.com/aos@2.3.1/dist/aos.js]
[shoppy.gg/api/embed.js]
[cdn.jsdelivr.net/npm/slick-carousel@1.8.1/slick/slick.css]
[cdn.jsdelivr.net/npm/slick-carousel@1.8.1/slick/slick.min.js]
[i.imgur.com/JjuZboV.jpg]
[i.imgur.com/p9XZ4q3.jpg]
[i.imgur.com/9L0YVzl.jpg]
[i.imgur.com/awBP2Dj.jpg]
[i.imgur.com/Ns2F44J.jpg]
[i.imgur.com/J6ek7RF.jpg]
[i.imgur.com/2jcL5ev.jpg]
[i.imgur.com/Q8PjcPj.jpg]
[i.imgur.com/gipk4w4.jpg]
[strongalts.com/index.html]
[i.imgur.com/WgOBwEa.jpg]
[i.imgur.com/GgPypzT.jpg]
[strongalts.com/assets/style.css]
[use.fontawesome.com/releases/v5.8.2/css/all.css]
[unpkg.com/aos@2.3.1/dist/aos.css]
[eshxn.xyz/e/hover.css]
[cdn.jsdelivr.net/npm/slick-carousel@1.8.1/slick/slick.css]
[strongalts.com/assets/clouds.svg]
[strongalts.com/assets/cloudsf.svg]
